▲ Next.js 16.2.6 (webpack)
- Environments: .env.local

  Creating an optimized production build ...
✓ Compiled successfully in 7.3s
  Running TypeScript ...
  Finished TypeScript in 10.0s ...
  Collecting page data using 7 workers ...
  Generating static pages using 7 workers (0/6) ...
  Generating static pages using 7 workers (1/6) 
  Generating static pages using 7 workers (2/6) 
  Generating static pages using 7 workers (4/6) 
✓ Generating static pages using 7 workers (6/6) in 477ms
  Finalizing page optimization ...
  Collecting build traces ...

Route (app)
┌ ○ /
├ ○ /_not-found
├ ○ /admin
├ ƒ /api/notify
├ ƒ /clube/[id]
├ ƒ /clube/-/opengraph-image
├ ƒ /noticia/[id]
├ ƒ /noticia/-/opengraph-image
├ ƒ /partida/[id]
└ ƒ /partida/-/opengraph-image


○  (Static)   prerendered as static content
ƒ  (Dynamic)  server-rendered on demand

